<html>
<body>
<pre>
<h1>µVision Build Log</h1>
<h2>Project:</h2>
N:\MTE241\Project4\Project3.uvproj
Project File Date:  06/06/2018

<h2>Output:</h2>
Rebuild target 'Target 1'
assembling startup_LPC17xx.s...
compiling ece_spi.c...
compiling MPU9250.c...
compiling Retarget.c...
compiling RTX_config.c...
compiling sensor_fusion.c...
compiling uart.c...
compiling Multi_task.c...
Multi_task.c(100): warning:  #223-D: function "MPU9250_read_gyro" declared implicitly
Multi_task.c(101): warning:  #223-D: function "MPU9250_read_acc" declared implicitly
Multi_task.c(102): warning:  #223-D: function "MPU9250_read_mag" declared implicitly
Multi_task.c(115): warning:  #223-D: function "sensor_fusion_init" declared implicitly
Multi_task.c(116): warning:  #223-D: function "sensor_fusion_begin" declared implicitly
Multi_task.c(124): warning:  #223-D: function "sensor_fusion_update" declared implicitly
Multi_task.c(124): error:  #20: identifier "MPU9250_gyro_data" is undefined
Multi_task.c(125): error:  #20: identifier "MPU9250_accel_data" is undefined
Multi_task.c(126): error:  #20: identifier "MPU9250_mag_data" is undefined
Multi_task.c(144): warning:  #223-D: function "sensor_fusion_getRoll" declared implicitly
Multi_task.c(144): warning:  #223-D: function "sensor_fusion_getYaw" declared implicitly
Multi_task.c(144): warning:  #223-D: function "sensor_fusion_getPitch" declared implicitly
Multi_task.c(144): warning:  #181-D: argument is incompatible with corresponding format string conversion
Multi_task.c(144): warning:  #181-D: argument is incompatible with corresponding format string conversion
Multi_task.c(144): warning:  #181-D: argument is incompatible with corresponding format string conversion
Multi_task.c(159): warning:  #223-D: function "sensor_fusion_getRoll" declared implicitly
Multi_task.c(159): warning:  #223-D: function "sensor_fusion_getYaw" declared implicitly
Multi_task.c(159): warning:  #223-D: function "sensor_fusion_getPitch" declared implicitly
Multi_task.c(159): warning:  #181-D: argument is incompatible with corresponding format string conversion
Multi_task.c(159): warning:  #181-D: argument is incompatible with corresponding format string conversion
Multi_task.c(159): warning:  #181-D: argument is incompatible with corresponding format string conversion
Multi_task.c(174): warning:  #223-D: function "sensor_fusion_getRoll" declared implicitly
Multi_task.c(174): warning:  #223-D: function "sensor_fusion_getYaw" declared implicitly
Multi_task.c(174): warning:  #223-D: function "sensor_fusion_getPitch" declared implicitly
Multi_task.c(174): warning:  #181-D: argument is incompatible with corresponding format string conversion
Multi_task.c(174): warning:  #181-D: argument is incompatible with corresponding format string conversion
Multi_task.c(174): warning:  #181-D: argument is incompatible with corresponding format string conversion
Multi_task.c(203): warning:  #223-D: function "LED_setup" declared implicitly
Multi_task.c(213): warning:  #1-D: last line of file ends without a newline
compiling led.c...
compiling GLCD_SPI_LPC1700.c...
compiling GLCD_Scroll.c...
compiling system_LPC17xx.c...
Target not created
Rebuild target 'Target 1'
assembling startup_LPC17xx.s...
compiling ece_spi.c...
compiling MPU9250.c...
compiling Retarget.c...
compiling RTX_config.c...
compiling sensor_fusion.c...
compiling uart.c...
compiling Multi_task.c...
Multi_task.c(195): warning:  #223-D: function "LED_setup" declared implicitly
Multi_task.c(205): warning:  #1-D: last line of file ends without a newline
compiling led.c...
compiling GLCD_SPI_LPC1700.c...
compiling GLCD_Scroll.c...
compiling system_LPC17xx.c...
linking...
Program Size: Code=7952 RO-data=6556 RW-data=116 ZI-data=22476  
"Project3.axf" - 0 Error(s), 2 Warning(s).
Rebuild target 'Target 1'
assembling startup_LPC17xx.s...
compiling ece_spi.c...
compiling MPU9250.c...
compiling Retarget.c...
compiling RTX_config.c...
compiling sensor_fusion.c...
compiling uart.c...
compiling Multi_task.c...
Multi_task.c(240): warning:  #223-D: function "LED_setup" declared implicitly
Multi_task.c(245): error:  #167: argument of type "const uint8_t (*)[3200]" is incompatible with parameter of type "unsigned char *"
Multi_task.c(251): warning:  #1-D: last line of file ends without a newline
compiling led.c...
compiling GLCD_SPI_LPC1700.c...
compiling GLCD_Scroll.c...
compiling system_LPC17xx.c...
Target not created
Rebuild target 'Target 1'
assembling startup_LPC17xx.s...
compiling ece_spi.c...
compiling MPU9250.c...
compiling Retarget.c...
compiling RTX_config.c...
compiling sensor_fusion.c...
compiling uart.c...
compiling Multi_task.c...
Multi_task.c(240): warning:  #223-D: function "LED_setup" declared implicitly
Multi_task.c(245): error:  #137: expression must be a modifiable lvalue
Multi_task.c(246): error:  #167: argument of type "const uint8_t (*)[3200]" is incompatible with parameter of type "unsigned char *"
Multi_task.c(252): warning:  #1-D: last line of file ends without a newline
compiling led.c...
compiling GLCD_SPI_LPC1700.c...
compiling GLCD_Scroll.c...
compiling system_LPC17xx.c...
Target not created
Rebuild target 'Target 1'
assembling startup_LPC17xx.s...
compiling ece_spi.c...
compiling MPU9250.c...
compiling Retarget.c...
compiling RTX_config.c...
compiling sensor_fusion.c...
compiling uart.c...
compiling Multi_task.c...
Multi_task.c(240): warning:  #223-D: function "LED_setup" declared implicitly
Multi_task.c(245): error:  #137: expression must be a modifiable lvalue
Multi_task.c(246): error:  #167: argument of type "uint8_t (*)[3200]" is incompatible with parameter of type "unsigned char *"
Multi_task.c(252): warning:  #1-D: last line of file ends without a newline
compiling led.c...
compiling GLCD_SPI_LPC1700.c...
compiling GLCD_Scroll.c...
compiling system_LPC17xx.c...
Target not created
Load "N:\\MTE241\\Project4\\Project3.AXF" 
_____^
*** error 56: cannot open file
Rebuild target 'Target 1'
assembling startup_LPC17xx.s...
compiling ece_spi.c...
compiling MPU9250.c...
compiling Retarget.c...
compiling RTX_config.c...
compiling sensor_fusion.c...
compiling uart.c...
compiling Multi_task.c...
Multi_task.c(241): warning:  #223-D: function "LED_setup" declared implicitly
Multi_task.c(246): error:  #137: expression must be a modifiable lvalue
Multi_task.c(247): error:  #167: argument of type "uint32_t (*)[3200]" is incompatible with parameter of type "unsigned char *"
Multi_task.c(253): warning:  #1-D: last line of file ends without a newline
compiling led.c...
compiling GLCD_SPI_LPC1700.c...
compiling GLCD_Scroll.c...
compiling system_LPC17xx.c...
Target not created
Rebuild target 'Target 1'
assembling startup_LPC17xx.s...
compiling ece_spi.c...
compiling MPU9250.c...
compiling Retarget.c...
compiling RTX_config.c...
compiling sensor_fusion.c...
compiling uart.c...
compiling Multi_task.c...
Multi_task.c(241): warning:  #223-D: function "LED_setup" declared implicitly
Multi_task.c(246): error:  #137: expression must be a modifiable lvalue
Multi_task.c(247): error:  #167: argument of type "uint32_t *" is incompatible with parameter of type "unsigned char *"
Multi_task.c(253): warning:  #1-D: last line of file ends without a newline
compiling led.c...
compiling GLCD_SPI_LPC1700.c...
compiling GLCD_Scroll.c...
compiling system_LPC17xx.c...
Target not created
Rebuild target 'Target 1'
assembling startup_LPC17xx.s...
compiling ece_spi.c...
compiling MPU9250.c...
compiling Retarget.c...
compiling RTX_config.c...
compiling sensor_fusion.c...
compiling uart.c...
compiling Multi_task.c...
Multi_task.c(241): warning:  #223-D: function "LED_setup" declared implicitly
Multi_task.c(253): warning:  #1-D: last line of file ends without a newline
compiling led.c...
compiling GLCD_SPI_LPC1700.c...
compiling GLCD_Scroll.c...
compiling system_LPC17xx.c...
linking...
Program Size: Code=7972 RO-data=6556 RW-data=116 ZI-data=25676  
"Project3.axf" - 0 Error(s), 2 Warning(s).
Load "N:\\MTE241\\Project4\\Project3.AXF" 
Erase Done.
Programming Done.
Verify OK.
Rebuild target 'Target 1'
assembling startup_LPC17xx.s...
compiling ece_spi.c...
compiling MPU9250.c...
compiling Retarget.c...
compiling RTX_config.c...
compiling sensor_fusion.c...
compiling uart.c...
compiling Multi_task.c...
Multi_task.c(241): warning:  #223-D: function "LED_setup" declared implicitly
Multi_task.c(247): error:  #167: argument of type "unsigned char **" is incompatible with parameter of type "unsigned char *"
Multi_task.c(253): warning:  #1-D: last line of file ends without a newline
compiling led.c...
compiling GLCD_SPI_LPC1700.c...
compiling GLCD_Scroll.c...
compiling system_LPC17xx.c...
Target not created
Rebuild target 'Target 1'
assembling startup_LPC17xx.s...
compiling ece_spi.c...
compiling MPU9250.c...
compiling Retarget.c...
compiling RTX_config.c...
compiling sensor_fusion.c...
compiling uart.c...
compiling Multi_task.c...
Multi_task.c(241): warning:  #223-D: function "LED_setup" declared implicitly
Multi_task.c(253): warning:  #1-D: last line of file ends without a newline
compiling led.c...
compiling GLCD_SPI_LPC1700.c...
compiling GLCD_Scroll.c...
compiling system_LPC17xx.c...
linking...
Program Size: Code=7972 RO-data=6556 RW-data=116 ZI-data=25676  
"Project3.axf" - 0 Error(s), 2 Warning(s).
Load "N:\\MTE241\\Project4\\Project3.AXF" 
Erase Done.
Programming Done.
Verify OK.
Rebuild target 'Target 1'
assembling startup_LPC17xx.s...
compiling ece_spi.c...
compiling MPU9250.c...
compiling Retarget.c...
compiling RTX_config.c...
compiling sensor_fusion.c...
compiling uart.c...
compiling Multi_task.c...
Multi_task.c(241): warning:  #223-D: function "LED_setup" declared implicitly
Multi_task.c(253): warning:  #1-D: last line of file ends without a newline
compiling led.c...
compiling GLCD_SPI_LPC1700.c...
compiling GLCD_Scroll.c...
compiling system_LPC17xx.c...
linking...
Program Size: Code=8028 RO-data=6556 RW-data=3316 ZI-data=22476  
"Project3.axf" - 0 Error(s), 2 Warning(s).
Rebuild target 'Target 1'
assembling startup_LPC17xx.s...
compiling ece_spi.c...
compiling MPU9250.c...
compiling Retarget.c...
compiling RTX_config.c...
compiling sensor_fusion.c...
compiling uart.c...
compiling Multi_task.c...
Multi_task.c(241): warning:  #223-D: function "LED_setup" declared implicitly
Multi_task.c(253): warning:  #1-D: last line of file ends without a newline
compiling led.c...
compiling GLCD_SPI_LPC1700.c...
compiling GLCD_Scroll.c...
compiling system_LPC17xx.c...
linking...
Program Size: Code=8060 RO-data=6556 RW-data=3316 ZI-data=22476  
"Project3.axf" - 0 Error(s), 2 Warning(s).
Load "N:\\MTE241\\Project4\\Project3.AXF" 
Erase Done.
Programming Done.
Verify OK.
Rebuild target 'Target 1'
assembling startup_LPC17xx.s...
compiling ece_spi.c...
compiling MPU9250.c...
compiling Retarget.c...
compiling RTX_config.c...
compiling sensor_fusion.c...
compiling uart.c...
compiling Multi_task.c...
Multi_task.c(242): warning:  #223-D: function "LED_setup" declared implicitly
Multi_task.c(254): warning:  #1-D: last line of file ends without a newline
compiling led.c...
compiling GLCD_SPI_LPC1700.c...
compiling GLCD_Scroll.c...
compiling system_LPC17xx.c...
linking...
Program Size: Code=8060 RO-data=6556 RW-data=4916 ZI-data=22476  
"Project3.axf" - 0 Error(s), 2 Warning(s).
Load "N:\\MTE241\\Project4\\Project3.AXF" 
Erase Done.
Programming Done.
Verify OK.
Rebuild target 'Target 1'
assembling startup_LPC17xx.s...
compiling ece_spi.c...
compiling MPU9250.c...
compiling Retarget.c...
compiling RTX_config.c...
compiling sensor_fusion.c...
compiling uart.c...
compiling Multi_task.c...
Multi_task.c(458): warning:  #223-D: function "LED_setup" declared implicitly
Multi_task.c(470): warning:  #1-D: last line of file ends without a newline
compiling led.c...
compiling GLCD_SPI_LPC1700.c...
compiling GLCD_Scroll.c...
compiling system_LPC17xx.c...
linking...
Project3.axf: Error: L6406E: No space in execution regions with .ANY selector matching multi_task.o(.data).
Project3.axf: Error: L6407E: Sections of aggregate size 0x30018 bytes could not fit into .ANY selector(s).
Target not created
Rebuild target 'Target 1'
assembling startup_LPC17xx.s...
compiling ece_spi.c...
compiling MPU9250.c...
compiling Retarget.c...
compiling RTX_config.c...
compiling sensor_fusion.c...
compiling uart.c...
compiling Multi_task.c...
Multi_task.c(242): warning:  #223-D: function "LED_setup" declared implicitly
Multi_task.c(254): warning:  #1-D: last line of file ends without a newline
compiling led.c...
compiling GLCD_SPI_LPC1700.c...
compiling GLCD_Scroll.c...
compiling system_LPC17xx.c...
linking...
Program Size: Code=8064 RO-data=6556 RW-data=3316 ZI-data=22476  
"Project3.axf" - 0 Error(s), 2 Warning(s).
Load "N:\\MTE241\\Project4\\Project3.AXF" 
Erase Done.
Programming Done.
Verify OK.
Rebuild target 'Target 1'
assembling startup_LPC17xx.s...
compiling ece_spi.c...
compiling MPU9250.c...
compiling Retarget.c...
compiling RTX_config.c...
compiling sensor_fusion.c...
compiling uart.c...
compiling Multi_task.c...
Multi_task.c(242): warning:  #223-D: function "LED_setup" declared implicitly
Multi_task.c(254): warning:  #1-D: last line of file ends without a newline
compiling led.c...
compiling GLCD_SPI_LPC1700.c...
compiling GLCD_Scroll.c...
compiling system_LPC17xx.c...
linking...
Program Size: Code=8064 RO-data=6556 RW-data=3316 ZI-data=22476  
"Project3.axf" - 0 Error(s), 2 Warning(s).
Load "N:\\MTE241\\Project4\\Project3.AXF" 
Erase Done.
Programming Done.
Verify OK.
Rebuild target 'Target 1'
assembling startup_LPC17xx.s...
compiling ece_spi.c...
compiling MPU9250.c...
compiling Retarget.c...
compiling RTX_config.c...
compiling sensor_fusion.c...
compiling uart.c...
compiling Multi_task.c...
Multi_task.c(243): warning:  #223-D: function "LED_setup" declared implicitly
Multi_task.c(255): warning:  #111-D: statement is unreachable
Multi_task.c(259): warning:  #1-D: last line of file ends without a newline
compiling led.c...
compiling GLCD_SPI_LPC1700.c...
compiling GLCD_Scroll.c...
compiling system_LPC17xx.c...
linking...
Program Size: Code=7840 RO-data=6556 RW-data=3304 ZI-data=22472  
"Project3.axf" - 0 Error(s), 3 Warning(s).
Load "N:\\MTE241\\Project4\\Project3.AXF" 
Erase Done.
Programming Done.
Verify OK.
Rebuild target 'Target 1'
assembling startup_LPC17xx.s...
compiling ece_spi.c...
compiling MPU9250.c...
compiling Retarget.c...
compiling RTX_config.c...
compiling sensor_fusion.c...
compiling uart.c...
compiling Multi_task.c...
Multi_task.c(243): warning:  #223-D: function "LED_setup" declared implicitly
Multi_task.c(255): warning:  #111-D: statement is unreachable
Multi_task.c(259): warning:  #1-D: last line of file ends without a newline
compiling led.c...
compiling GLCD_SPI_LPC1700.c...
compiling GLCD_Scroll.c...
compiling system_LPC17xx.c...
linking...
Program Size: Code=7840 RO-data=6556 RW-data=3304 ZI-data=22472  
"Project3.axf" - 0 Error(s), 3 Warning(s).
Load "N:\\MTE241\\Project4\\Project3.AXF" 
Erase Done.
Programming Done.
Verify OK.
Rebuild target 'Target 1'
assembling startup_LPC17xx.s...
compiling ece_spi.c...
compiling MPU9250.c...
compiling Retarget.c...
compiling RTX_config.c...
compiling sensor_fusion.c...
compiling uart.c...
compiling Multi_task.c...
Multi_task.c(243): warning:  #223-D: function "LED_setup" declared implicitly
Multi_task.c(255): warning:  #111-D: statement is unreachable
Multi_task.c(259): warning:  #1-D: last line of file ends without a newline
compiling led.c...
compiling GLCD_SPI_LPC1700.c...
compiling GLCD_Scroll.c...
compiling system_LPC17xx.c...
linking...
Program Size: Code=7840 RO-data=6556 RW-data=3304 ZI-data=22472  
"Project3.axf" - 0 Error(s), 3 Warning(s).
Load "N:\\MTE241\\Project4\\Project3.AXF" 
Erase Done.
Programming Done.
Verify OK.
Rebuild target 'Target 1'
assembling startup_LPC17xx.s...
compiling ece_spi.c...
compiling MPU9250.c...
compiling Retarget.c...
compiling RTX_config.c...
compiling sensor_fusion.c...
compiling uart.c...
compiling Multi_task.c...
Multi_task.c(243): warning:  #223-D: function "LED_setup" declared implicitly
Multi_task.c(256): warning:  #111-D: statement is unreachable
Multi_task.c(260): warning:  #1-D: last line of file ends without a newline
compiling led.c...
compiling GLCD_SPI_LPC1700.c...
compiling GLCD_Scroll.c...
compiling system_LPC17xx.c...
linking...
Program Size: Code=7832 RO-data=6556 RW-data=3304 ZI-data=22472  
"Project3.axf" - 0 Error(s), 3 Warning(s).
Load "N:\\MTE241\\Project4\\Project3.AXF" 
Erase Done.
Programming Done.
Verify OK.
Rebuild target 'Target 1'
assembling startup_LPC17xx.s...
compiling ece_spi.c...
compiling MPU9250.c...
compiling Retarget.c...
compiling RTX_config.c...
compiling sensor_fusion.c...
compiling uart.c...
compiling Multi_task.c...
Multi_task.c(243): warning:  #223-D: function "LED_setup" declared implicitly
Multi_task.c(255): warning:  #111-D: statement is unreachable
Multi_task.c(259): warning:  #1-D: last line of file ends without a newline
compiling led.c...
compiling GLCD_SPI_LPC1700.c...
compiling GLCD_Scroll.c...
compiling system_LPC17xx.c...
linking...
Program Size: Code=7840 RO-data=6556 RW-data=3304 ZI-data=22472  
"Project3.axf" - 0 Error(s), 3 Warning(s).
Load "N:\\MTE241\\Project4\\Project3.AXF" 
Erase Done.
Programming Done.
Verify OK.
Rebuild target 'Target 1'
assembling startup_LPC17xx.s...
compiling ece_spi.c...
compiling MPU9250.c...
compiling Retarget.c...
compiling RTX_config.c...
compiling sensor_fusion.c...
compiling uart.c...
compiling Multi_task.c...
Multi_task.c(243): warning:  #223-D: function "LED_setup" declared implicitly
Multi_task.c(256): warning:  #111-D: statement is unreachable
Multi_task.c(260): warning:  #1-D: last line of file ends without a newline
compiling led.c...
compiling GLCD_SPI_LPC1700.c...
compiling GLCD_Scroll.c...
compiling system_LPC17xx.c...
linking...
Program Size: Code=7848 RO-data=6556 RW-data=3304 ZI-data=22472  
"Project3.axf" - 0 Error(s), 3 Warning(s).
Load "N:\\MTE241\\Project4\\Project3.AXF" 
Erase Done.
Programming Done.
Verify OK.
Rebuild target 'Target 1'
assembling startup_LPC17xx.s...
compiling ece_spi.c...
compiling MPU9250.c...
compiling Retarget.c...
compiling RTX_config.c...
compiling sensor_fusion.c...
compiling uart.c...
compiling Multi_task.c...
Multi_task.c(243): warning:  #223-D: function "LED_setup" declared implicitly
Multi_task.c(256): warning:  #111-D: statement is unreachable
Multi_task.c(260): warning:  #1-D: last line of file ends without a newline
compiling led.c...
compiling GLCD_SPI_LPC1700.c...
compiling GLCD_Scroll.c...
compiling system_LPC17xx.c...
linking...
Program Size: Code=7848 RO-data=6556 RW-data=3304 ZI-data=22472  
"Project3.axf" - 0 Error(s), 3 Warning(s).
Load "N:\\MTE241\\Project4\\Project3.AXF" 
Erase Done.
Programming Done.
Verify OK.
Rebuild target 'Target 1'
assembling startup_LPC17xx.s...
compiling ece_spi.c...
compiling MPU9250.c...
compiling Retarget.c...
compiling RTX_config.c...
compiling sensor_fusion.c...
compiling uart.c...
compiling Multi_task.c...
Multi_task.c(243): warning:  #223-D: function "LED_setup" declared implicitly
Multi_task.c(259): warning:  #1-D: last line of file ends without a newline
Multi_task.c(236): warning:  #550-D: variable "digger_bmp2" was set but never used
Multi_task.c(237): warning:  #177-D: variable "i" was declared but never referenced
compiling led.c...
compiling GLCD_SPI_LPC1700.c...
compiling GLCD_Scroll.c...
compiling system_LPC17xx.c...
linking...
Program Size: Code=8052 RO-data=6556 RW-data=3316 ZI-data=22476  
"Project3.axf" - 0 Error(s), 4 Warning(s).
Load "N:\\MTE241\\Project4\\Project3.AXF" 
Erase Done.
Programming Done.
Verify OK.
Rebuild target 'Target 1'
assembling startup_LPC17xx.s...
compiling ece_spi.c...
compiling MPU9250.c...
compiling Retarget.c...
compiling RTX_config.c...
compiling sensor_fusion.c...
compiling uart.c...
compiling Multi_task.c...
Multi_task.c(243): warning:  #223-D: function "LED_setup" declared implicitly
Multi_task.c(259): warning:  #1-D: last line of file ends without a newline
Multi_task.c(236): warning:  #550-D: variable "digger_bmp2" was set but never used
Multi_task.c(237): warning:  #177-D: variable "i" was declared but never referenced
compiling led.c...
compiling GLCD_SPI_LPC1700.c...
compiling GLCD_Scroll.c...
compiling system_LPC17xx.c...
linking...
Program Size: Code=8052 RO-data=6556 RW-data=3316 ZI-data=22476  
"Project3.axf" - 0 Error(s), 4 Warning(s).
Load "N:\\MTE241\\Project4\\Project3.AXF" 
Erase Done.
Programming Done.
Verify OK.
Rebuild target 'Target 1'
assembling startup_LPC17xx.s...
compiling ece_spi.c...
compiling MPU9250.c...
compiling Retarget.c...
compiling RTX_config.c...
compiling sensor_fusion.c...
compiling uart.c...
compiling Multi_task.c...
Multi_task.c(243): warning:  #223-D: function "LED_setup" declared implicitly
Multi_task.c(259): warning:  #1-D: last line of file ends without a newline
Multi_task.c(236): warning:  #550-D: variable "digger_bmp2" was set but never used
Multi_task.c(237): warning:  #177-D: variable "i" was declared but never referenced
compiling led.c...
compiling GLCD_SPI_LPC1700.c...
compiling GLCD_Scroll.c...
compiling system_LPC17xx.c...
linking...
Program Size: Code=8060 RO-data=6556 RW-data=3316 ZI-data=22476  
"Project3.axf" - 0 Error(s), 4 Warning(s).
Load "N:\\MTE241\\Project4\\Project3.AXF" 
Erase Done.
Programming Done.
Verify OK.
Rebuild target 'Target 1'
assembling startup_LPC17xx.s...
compiling ece_spi.c...
compiling MPU9250.c...
compiling Retarget.c...
compiling RTX_config.c...
compiling sensor_fusion.c...
compiling uart.c...
compiling Multi_task.c...
Multi_task.c(243): warning:  #223-D: function "LED_setup" declared implicitly
Multi_task.c(259): warning:  #1-D: last line of file ends without a newline
Multi_task.c(236): warning:  #550-D: variable "digger_bmp2" was set but never used
Multi_task.c(237): warning:  #177-D: variable "i" was declared but never referenced
compiling led.c...
compiling GLCD_SPI_LPC1700.c...
compiling GLCD_Scroll.c...
compiling system_LPC17xx.c...
linking...
Program Size: Code=8052 RO-data=6556 RW-data=3316 ZI-data=22476  
"Project3.axf" - 0 Error(s), 4 Warning(s).
Load "N:\\MTE241\\Project4\\Project3.AXF" 
Erase Done.
Programming Done.
Verify OK.
Rebuild target 'Target 1'
assembling startup_LPC17xx.s...
compiling ece_spi.c...
compiling MPU9250.c...
compiling Retarget.c...
compiling RTX_config.c...
compiling sensor_fusion.c...
compiling uart.c...
compiling Multi_task.c...
Multi_task.c(243): warning:  #223-D: function "LED_setup" declared implicitly
Multi_task.c(255): warning:  #111-D: statement is unreachable
Multi_task.c(259): warning:  #1-D: last line of file ends without a newline
compiling led.c...
compiling GLCD_SPI_LPC1700.c...
compiling GLCD_Scroll.c...
compiling system_LPC17xx.c...
linking...
Program Size: Code=7852 RO-data=6556 RW-data=3304 ZI-data=22472  
"Project3.axf" - 0 Error(s), 3 Warning(s).
Load "N:\\MTE241\\Project4\\Project3.AXF" 
Erase Done.
Programming Done.
Verify OK.
Rebuild target 'Target 1'
assembling startup_LPC17xx.s...
compiling ece_spi.c...
compiling MPU9250.c...
compiling Retarget.c...
compiling RTX_config.c...
compiling sensor_fusion.c...
compiling uart.c...
compiling Multi_task.c...
Multi_task.c(243): warning:  #223-D: function "LED_setup" declared implicitly
Multi_task.c(255): warning:  #111-D: statement is unreachable
Multi_task.c(259): warning:  #1-D: last line of file ends without a newline
compiling led.c...
compiling GLCD_SPI_LPC1700.c...
compiling GLCD_Scroll.c...
compiling system_LPC17xx.c...
linking...
Program Size: Code=7848 RO-data=6556 RW-data=3304 ZI-data=22472  
"Project3.axf" - 0 Error(s), 3 Warning(s).
Load "N:\\MTE241\\Project4\\Project3.AXF" 
Erase Done.
Programming Done.
Verify OK.
Rebuild target 'Target 1'
assembling startup_LPC17xx.s...
compiling ece_spi.c...
compiling MPU9250.c...
compiling Retarget.c...
compiling RTX_config.c...
compiling sensor_fusion.c...
compiling uart.c...
compiling Multi_task.c...
Multi_task.c(243): warning:  #223-D: function "LED_setup" declared implicitly
Multi_task.c(255): warning:  #111-D: statement is unreachable
Multi_task.c(259): warning:  #1-D: last line of file ends without a newline
compiling led.c...
compiling GLCD_SPI_LPC1700.c...
compiling GLCD_Scroll.c...
compiling system_LPC17xx.c...
linking...
Program Size: Code=7844 RO-data=6556 RW-data=3304 ZI-data=22472  
"Project3.axf" - 0 Error(s), 3 Warning(s).
Load "N:\\MTE241\\Project4\\Project3.AXF" 
Erase Done.
Programming Done.
Verify OK.
Rebuild target 'Target 1'
assembling startup_LPC17xx.s...
compiling ece_spi.c...
compiling MPU9250.c...
compiling Retarget.c...
compiling RTX_config.c...
compiling sensor_fusion.c...
compiling uart.c...
compiling Multi_task.c...
Multi_task.c(243): warning:  #223-D: function "LED_setup" declared implicitly
Multi_task.c(261): warning:  #1-D: last line of file ends without a newline
Multi_task.c(237): warning:  #177-D: variable "i" was declared but never referenced
compiling led.c...
compiling GLCD_SPI_LPC1700.c...
compiling GLCD_Scroll.c...
compiling system_LPC17xx.c...
linking...
Program Size: Code=8072 RO-data=6556 RW-data=3316 ZI-data=22476  
"Project3.axf" - 0 Error(s), 3 Warning(s).
Load "N:\\MTE241\\Project4\\Project3.AXF" 
Erase Done.
Programming Done.
Verify OK.
Rebuild target 'Target 1'
assembling startup_LPC17xx.s...
compiling ece_spi.c...
compiling MPU9250.c...
compiling Retarget.c...
compiling RTX_config.c...
compiling sensor_fusion.c...
compiling uart.c...
compiling Multi_task.c...
Multi_task.c(243): warning:  #223-D: function "LED_setup" declared implicitly
Multi_task.c(255): warning:  #111-D: statement is unreachable
Multi_task.c(259): warning:  #1-D: last line of file ends without a newline
compiling led.c...
compiling GLCD_SPI_LPC1700.c...
compiling GLCD_Scroll.c...
compiling system_LPC17xx.c...
linking...
Program Size: Code=7844 RO-data=6556 RW-data=3304 ZI-data=22472  
"Project3.axf" - 0 Error(s), 3 Warning(s).
Load "N:\\MTE241\\Project4\\Project3.AXF" 
Erase Done.
Programming Done.
Verify OK.
Rebuild target 'Target 1'
assembling startup_LPC17xx.s...
compiling ece_spi.c...
compiling MPU9250.c...
compiling Retarget.c...
compiling RTX_config.c...
compiling sensor_fusion.c...
compiling uart.c...
compiling Multi_task.c...
Multi_task.c(243): warning:  #223-D: function "LED_setup" declared implicitly
Multi_task.c(255): warning:  #111-D: statement is unreachable
Multi_task.c(259): warning:  #1-D: last line of file ends without a newline
compiling led.c...
compiling GLCD_SPI_LPC1700.c...
compiling GLCD_Scroll.c...
compiling system_LPC17xx.c...
linking...
Program Size: Code=7844 RO-data=6556 RW-data=3304 ZI-data=22472  
"Project3.axf" - 0 Error(s), 3 Warning(s).
Load "N:\\MTE241\\Project4\\Project3.AXF" 
Erase Done.
Programming Done.
Verify OK.
Rebuild target 'Target 1'
assembling startup_LPC17xx.s...
compiling ece_spi.c...
compiling MPU9250.c...
compiling Retarget.c...
compiling RTX_config.c...
compiling sensor_fusion.c...
compiling uart.c...
compiling Multi_task.c...
Multi_task.c(244): warning:  #223-D: function "LED_setup" declared implicitly
Multi_task.c(258): warning:  #111-D: statement is unreachable
Multi_task.c(262): warning:  #1-D: last line of file ends without a newline
compiling led.c...
compiling GLCD_SPI_LPC1700.c...
compiling GLCD_Scroll.c...
compiling system_LPC17xx.c...
linking...
Program Size: Code=7868 RO-data=6556 RW-data=3304 ZI-data=22472  
"Project3.axf" - 0 Error(s), 3 Warning(s).
Load "N:\\MTE241\\Project4\\Project3.AXF" 
Erase Done.
Programming Done.
Verify OK.
Rebuild target 'Target 1'
assembling startup_LPC17xx.s...
compiling ece_spi.c...
compiling MPU9250.c...
compiling Retarget.c...
compiling RTX_config.c...
compiling sensor_fusion.c...
compiling uart.c...
compiling Multi_task.c...
Multi_task.c(244): warning:  #223-D: function "LED_setup" declared implicitly
Multi_task.c(258): warning:  #111-D: statement is unreachable
Multi_task.c(262): warning:  #1-D: last line of file ends without a newline
compiling led.c...
compiling GLCD_SPI_LPC1700.c...
compiling GLCD_Scroll.c...
compiling system_LPC17xx.c...
linking...
Program Size: Code=7868 RO-data=6556 RW-data=3304 ZI-data=22472  
"Project3.axf" - 0 Error(s), 3 Warning(s).
Rebuild target 'Target 1'
assembling startup_LPC17xx.s...
compiling ece_spi.c...
compiling MPU9250.c...
compiling Retarget.c...
compiling RTX_config.c...
compiling sensor_fusion.c...
compiling uart.c...
compiling Multi_task.c...
Multi_task.c(244): warning:  #223-D: function "LED_setup" declared implicitly
Multi_task.c(258): warning:  #111-D: statement is unreachable
Multi_task.c(262): warning:  #1-D: last line of file ends without a newline
compiling led.c...
compiling GLCD_SPI_LPC1700.c...
compiling GLCD_Scroll.c...
compiling system_LPC17xx.c...
linking...
Program Size: Code=7864 RO-data=6556 RW-data=3304 ZI-data=22472  
"Project3.axf" - 0 Error(s), 3 Warning(s).
Load "N:\\MTE241\\Project4\\Project3.AXF" 
Erase Done.
Programming Done.
Verify OK.
Rebuild target 'Target 1'
assembling startup_LPC17xx.s...
compiling ece_spi.c...
compiling MPU9250.c...
compiling Retarget.c...
compiling RTX_config.c...
compiling sensor_fusion.c...
compiling uart.c...
compiling Multi_task.c...
Multi_task.c(244): warning:  #223-D: function "LED_setup" declared implicitly
Multi_task.c(260): warning:  #111-D: statement is unreachable
Multi_task.c(264): warning:  #1-D: last line of file ends without a newline
compiling led.c...
compiling GLCD_SPI_LPC1700.c...
compiling GLCD_Scroll.c...
compiling system_LPC17xx.c...
linking...
Program Size: Code=7864 RO-data=6556 RW-data=3304 ZI-data=22472  
"Project3.axf" - 0 Error(s), 3 Warning(s).
Load "N:\\MTE241\\Project4\\Project3.AXF" 
Erase Done.
Programming Done.
Verify OK.
Rebuild target 'Target 1'
assembling startup_LPC17xx.s...
compiling ece_spi.c...
compiling MPU9250.c...
compiling Retarget.c...
compiling RTX_config.c...
compiling sensor_fusion.c...
compiling uart.c...
compiling Multi_task.c...
Multi_task.c(244): warning:  #223-D: function "LED_setup" declared implicitly
Multi_task.c(265): warning:  #111-D: statement is unreachable
Multi_task.c(269): warning:  #1-D: last line of file ends without a newline
compiling led.c...
compiling GLCD_SPI_LPC1700.c...
compiling GLCD_Scroll.c...
compiling system_LPC17xx.c...
linking...
Program Size: Code=7876 RO-data=6556 RW-data=3304 ZI-data=22472  
"Project3.axf" - 0 Error(s), 3 Warning(s).
Load "N:\\MTE241\\Project4\\Project3.AXF" 
Erase Done.
Programming Done.
Verify OK.
Rebuild target 'Target 1'
assembling startup_LPC17xx.s...
compiling ece_spi.c...
compiling MPU9250.c...
compiling Retarget.c...
compiling RTX_config.c...
compiling sensor_fusion.c...
compiling uart.c...
compiling Multi_task.c...
Multi_task.c(244): warning:  #223-D: function "LED_setup" declared implicitly
Multi_task.c(265): warning:  #111-D: statement is unreachable
Multi_task.c(269): warning:  #1-D: last line of file ends without a newline
compiling led.c...
compiling GLCD_SPI_LPC1700.c...
compiling GLCD_Scroll.c...
compiling system_LPC17xx.c...
linking...
Program Size: Code=7876 RO-data=6556 RW-data=3304 ZI-data=22472  
"Project3.axf" - 0 Error(s), 3 Warning(s).
Load "N:\\MTE241\\Project4\\Project3.AXF" 
Erase Done.
Programming Done.
Verify OK.
Rebuild target 'Target 1'
assembling startup_LPC17xx.s...
compiling ece_spi.c...
compiling MPU9250.c...
compiling Retarget.c...
compiling RTX_config.c...
compiling sensor_fusion.c...
compiling uart.c...
compiling Multi_task.c...
Multi_task.c(244): warning:  #223-D: function "LED_setup" declared implicitly
Multi_task.c(265): warning:  #111-D: statement is unreachable
Multi_task.c(269): warning:  #1-D: last line of file ends without a newline
compiling led.c...
compiling GLCD_SPI_LPC1700.c...
compiling GLCD_Scroll.c...
compiling system_LPC17xx.c...
linking...
Program Size: Code=7876 RO-data=6556 RW-data=3304 ZI-data=22472  
"Project3.axf" - 0 Error(s), 3 Warning(s).
Load "N:\\MTE241\\Project4\\Project3.AXF" 
Erase Done.
Programming Done.
Verify OK.
Rebuild target 'Target 1'
assembling startup_LPC17xx.s...
compiling ece_spi.c...
compiling MPU9250.c...
compiling Retarget.c...
compiling RTX_config.c...
compiling sensor_fusion.c...
compiling uart.c...
compiling Multi_task.c...
Multi_task.c(244): warning:  #223-D: function "LED_setup" declared implicitly
Multi_task.c(265): warning:  #111-D: statement is unreachable
Multi_task.c(269): warning:  #1-D: last line of file ends without a newline
compiling led.c...
compiling GLCD_SPI_LPC1700.c...
compiling GLCD_Scroll.c...
compiling system_LPC17xx.c...
linking...
Program Size: Code=7880 RO-data=6556 RW-data=3304 ZI-data=22472  
"Project3.axf" - 0 Error(s), 3 Warning(s).
Load "N:\\MTE241\\Project4\\Project3.AXF" 
Erase Done.
Programming Done.
Verify OK.
Rebuild target 'Target 1'
assembling startup_LPC17xx.s...
compiling ece_spi.c...
compiling MPU9250.c...
compiling Retarget.c...
compiling RTX_config.c...
compiling sensor_fusion.c...
compiling uart.c...
compiling Multi_task.c...
Multi_task.c(244): warning:  #223-D: function "LED_setup" declared implicitly
Multi_task.c(265): warning:  #111-D: statement is unreachable
Multi_task.c(269): warning:  #1-D: last line of file ends without a newline
compiling led.c...
compiling GLCD_SPI_LPC1700.c...
compiling GLCD_Scroll.c...
compiling system_LPC17xx.c...
linking...
Program Size: Code=7880 RO-data=6556 RW-data=3304 ZI-data=22472  
"Project3.axf" - 0 Error(s), 3 Warning(s).
Load "N:\\MTE241\\Project4\\Project3.AXF" 
Erase Done.
Programming Done.
Verify OK.
Rebuild target 'Target 1'
assembling startup_LPC17xx.s...
compiling ece_spi.c...
compiling MPU9250.c...
compiling Retarget.c...
compiling RTX_config.c...
compiling sensor_fusion.c...
compiling uart.c...
compiling Multi_task.c...
Multi_task.c(244): warning:  #223-D: function "LED_setup" declared implicitly
Multi_task.c(265): warning:  #111-D: statement is unreachable
Multi_task.c(269): warning:  #1-D: last line of file ends without a newline
compiling led.c...
compiling GLCD_SPI_LPC1700.c...
compiling GLCD_Scroll.c...
compiling system_LPC17xx.c...
linking...
Program Size: Code=7880 RO-data=6556 RW-data=3304 ZI-data=22472  
"Project3.axf" - 0 Error(s), 3 Warning(s).
Load "N:\\MTE241\\Project4\\Project3.AXF" 
Erase Done.
Programming Done.
Verify OK.
Rebuild target 'Target 1'
assembling startup_LPC17xx.s...
compiling ece_spi.c...
compiling MPU9250.c...
compiling Retarget.c...
compiling RTX_config.c...
compiling sensor_fusion.c...
compiling uart.c...
compiling Multi_task.c...
Multi_task.c(248): warning:  #223-D: function "LED_setup" declared implicitly
Multi_task.c(292): warning:  #111-D: statement is unreachable
Multi_task.c(296): warning:  #1-D: last line of file ends without a newline
Multi_task.c(236): warning:  #550-D: variable "direction" was set but never used
Multi_task.c(236): warning:  #177-D: variable "button_pressed" was declared but never referenced
compiling led.c...
compiling GLCD_SPI_LPC1700.c...
compiling GLCD_Scroll.c...
compiling system_LPC17xx.c...
linking...
Program Size: Code=7948 RO-data=6556 RW-data=3304 ZI-data=22472  
"Project3.axf" - 0 Error(s), 5 Warning(s).
Rebuild target 'Target 1'
assembling startup_LPC17xx.s...
compiling ece_spi.c...
compiling MPU9250.c...
compiling Retarget.c...
compiling RTX_config.c...
compiling sensor_fusion.c...
compiling uart.c...
compiling Multi_task.c...
Multi_task.c(248): warning:  #223-D: function "LED_setup" declared implicitly
Multi_task.c(292): warning:  #111-D: statement is unreachable
Multi_task.c(296): warning:  #1-D: last line of file ends without a newline
Multi_task.c(236): warning:  #550-D: variable "direction" was set but never used
Multi_task.c(236): warning:  #177-D: variable "button_pressed" was declared but never referenced
compiling led.c...
compiling GLCD_SPI_LPC1700.c...
compiling GLCD_Scroll.c...
compiling system_LPC17xx.c...
linking...
Program Size: Code=7948 RO-data=6556 RW-data=3304 ZI-data=22472  
"Project3.axf" - 0 Error(s), 5 Warning(s).
Load "N:\\MTE241\\Project4\\Project3.AXF" 
Erase Done.
Programming Done.
Verify OK.
